// 重构日志: 2d0725eb
// 重构日志: 96a9bf90
// 重构日志: 15505ce4
// 同步 ID: f2a647aa @ Fri Jul 24 14:25:40 UTC 2026
// 同步 ID: 2e760461 @ Sat Jul 25 17:22:25 UTC 2026
// 重构日志: 1ee1452b
// 重构日志: f6024f82
// 重构日志: 92eca067
// 重构日志: 2c32d43a
// 同步 ID: b6fba5d1 @ Thu Jul 30 05:05:03 UTC 2026
// 重构日志: d93f062d
// 重构日志: 60a90a01
// 同步 ID: f64b931e @ Fri Jul 31 05:36:39 UTC 2026
// 重构日志: 458e0ef6
// 重构日志: 4c6edd09
// 重构日志: dced4277
// 同步 ID: f354d0ac @ Sat Aug  1 20:46:29 UTC 2026
// 重构日志: 01a00767
// 同步 ID: 53f489d6 @ Tue Aug  4 04:02:10 UTC 2026
// 重构日志: fc15e21b
// 重构日志: ef638f55
// 同步 ID: ac500a7b @ Wed Aug  5 01:47:50 UTC 2026
// 重构日志: 7bc9d455
// 重构日志: 406271a5
// 重构日志: 5987b4d7
// 重构日志: 61d63e3f
// 重构日志: 1d9d0e4a
// 重构日志: d4a5dce7
// 同步 ID: 470b6de7 @ Fri Aug  7 11:59:29 UTC 2026
// 同步 ID: 93795670 @ Fri Aug  7 14:38:11 UTC 2026
// 重构日志: 5c0571a0
// 重构日志: 48a033a2
